// Jest Snapshot v1, https://goo.gl/fbAQLP

exports[`A página de configuração Deve ser renderizada corretamente 1`] = `
<div>
  <div
    class="card"
  >
    <section>
      <form>
        <input
          placeholder="Insira os nomes dos participantes"
          type="text"
          value=""
        />
        <button
          disabled=""
        >
          Adicionar
        </button>
        
      </form>
      <ul />
      <footer>
        <button
          disabled=""
        >
          Iniciar Brincadeira
        </button>
      </footer>
    </section>
  </div>
</div>
`;
